// Jest Snapshot v1, https://goo.gl/fbAQLP

exports[`<ModalComponent /> Renders ModalComponent 1`] = `
<div
  className="b-modal_container"
>
  <div
    className="b-modal"
  >
    <a
      onClick={[Function]}
    >
      Закрыть
    </a>
  </div>
</div>
`;
